========================================
2D Magnetic Field Analyzer (FDM)
Cartesian Coordinate System
========================================

Output folder not specified. Using timestamp: output_20251115_102645

=== Exporting Conditions ===
[ WARN:0@0.005] global ./modules/imgcodecs/src/loadsave.cpp (239) findDecoder imread_('uploads/RotorConfig.png'): can't open/read file: check file path/integrity

!!! Error occurred !!!
Failed to load image: uploads/RotorConfig.png
